Microchip MPLAB XC8 Compiler V1.45 ()

Linker command line:

-W-3 --edf=C:\Program Files\Microchip\xc8\v1.45\dat\en_msgs.txt -cs \
  -h+dist/default/production\2dimmer_1fd_1sw.X.production.sym \
  --cmf=dist/default/production\2dimmer_1fd_1sw.X.production.cmf -z \
  -Q16F1526 -oC:\Users\lotus\AppData\Local\Temp\s39g.2 \
  -Mdist/default/production/2dimmer_1fd_1sw.X.production.map -E1 -ver=XC8 \
  -ASTACK=02130h-022efh -pstack=STACK -ACODE=00h-07FFhx4 \
  -ASTRCODE=00h-01FFFh -ASTRING=00h-0FFhx32 -ACONST=00h-0FFhx32 \
  -AENTRY=00h-0FFhx32 -ACOMMON=070h-07Fh -ABANK0=020h-06Fh \
  -ABANK1=0A0h-0EFh -ABANK2=0120h-016Fh -ABANK3=01A0h-01EFh \
  -ABANK4=0220h-026Fh -ABANK5=02A0h-02EFh -ABANK6=0320h-036Fh \
  -ABANK7=03A0h-03EFh -ABANK8=0420h-046Fh -ABANK9=04A0h-04BFh \
  -ABIGRAM=02000h-022EFh \
  -ARAM=020h-06Fh,0A0h-0EFh,0120h-016Fh,01A0h-01EFh,0220h-026Fh,02A0h-02EFh,0320h-036Fh,03A0h-03EFh,0420h-046Fh,04A0h-04BFh \
  -AABS1=020h-07Fh,0A0h-0EFh,0120h-016Fh,01A0h-01EFh,0220h-026Fh,02A0h-02EFh,0320h-036Fh,03A0h-03EFh,0420h-046Fh,04A0h-04BFh \
  -ASFR0=00h-01Fh -ASFR1=080h-09Fh -ASFR2=0100h-011Fh -ASFR3=0180h-019Fh \
  -ASFR4=0200h-021Fh -ASFR5=0280h-029Fh -ASFR6=0300h-031Fh \
  -ASFR7=0380h-039Fh -ASFR8=0400h-041Fh -ASFR9=0480h-049Fh \
  -ASFR10=0500h-056Fh -ASFR11=0580h-05EFh -ASFR12=0600h-066Fh \
  -ASFR13=0680h-06EFh -ASFR14=0700h-076Fh -ASFR15=0780h-07EFh \
  -ASFR16=0800h-086Fh -ASFR17=0880h-08EFh -ASFR18=0900h-096Fh \
  -ASFR19=0980h-09EFh -ASFR20=0A00h-0A6Fh -ASFR21=0A80h-0AEFh \
  -ASFR22=0B00h-0B6Fh -ASFR23=0B80h-0BEFh -ASFR24=0C00h-0C6Fh \
  -ASFR25=0C80h-0CEFh -ASFR26=0D00h-0D6Fh -ASFR27=0D80h-0DEFh \
  -ASFR28=0E00h-0E6Fh -ASFR29=0E80h-0EEFh -ASFR30=0F00h-0F6Fh \
  -ASFR31=0F80h-0FEFh -preset_vec=00h,intentry=04h,init,end_init \
  -ppowerup=CODE -pcinit=CODE -pfunctab=ENTRY -ACONFIG=08007h-08008h \
  -pconfig=CONFIG -DCONFIG=2 -AIDLOC=08000h-08003h -pidloc=IDLOC -DIDLOC=2 \
  -DCODE=2 -DSTRCODE=2 -DSTRING=2 -DCONST=2 -DENTRY=2 -k \
  C:\Users\lotus\AppData\Local\Temp\s39g.obj \
  dist/default/production\2dimmer_1fd_1sw.X.production.obj 

Object code version is 3.11

Machine type is 16F1526



                Name                               Link     Load   Length Selector   Space Scale
C:\Users\lotus\AppData\Local\Temp\s39g.obj
                end_init                            492      492        2        8       0
                reset_vec                             0        0        2        0       0
                config                             8007     8007        2    1000E       0
dist/default/production\2dimmer_1fd_1sw.X.production.obj
                cinit                               494      494       40        8       0
                intentry                              4        4      48E        8       0
                swtext22                            9B4      9B4       14     1200       0
                swtext21                            9A0      9A0       14     1200       0
                swtext20                            98C      98C       14     1200       0
                swtext19                            978      978       14     1200       0
                swtext18                            964      964       14     1200       0
                swtext17                            950      950       14     1200       0
                swtext16                            93C      93C       14     1200       0
                swtext15                            928      928       14     1200       0
                swtext14                            914      914       14     1200       0
                swtext13                            900      900       14     1200       0
                swtext12                            8DC      8DC       14     1000       0
                swtext11                            8C8      8C8       14     1000       0
                swtext10                            8B4      8B4       14     1000       0
                swtext9                             8A0      8A0       14     1000       0
                swtext8                             88C      88C       14     1000       0
                swtext7                             878      878       14     1000       0
                swtext6                             864      864       14     1000       0
                swtext5                             850      850       14     1000       0
                swtext4                             83C      83C       14     1000       0
                swtext3                             828      828       14     1000       0
                swtext2                             814      814       14     1000       0
                swtext1                             800      800       14     1000       0
                text18                              AF8      AF8       1B     15F0       0
                text17                              9C8      9C8        E     1390       0
                text16                              766      766       6B        8       0
                text15                              ADF      ADF       19     15BE       0
                text14                              4D4      4D4      292        8       0
                text13                              B55      B55       36     16AA       0
                text12                              9D6      9D6        C     1390       0
                text11                              A0A      A0A        A     1390       0
                text10                              A00      A00        A     1390       0
                text9                               AC9      AC9       16     1592       0
                text8                               7F5      7F5        B        8       0
                text7                               9F6      9F6        A     1390       0
                text6                               9EC      9EC        A     1390       0
                text5                               A1D      A1D        9     1390       0
                text4                               9E2      9E2        A     1390       0
                text3                               A14      A14        9     1390       0
                text2                               B13      B13       1E     1626       0
                text1                               B31      B31       24     1662       0
                maintext                            C09      C09      3F7     1812       0
                cstackBANK0                          20       20       25       20       1
                cstackCOMMON                         70       70        B       70       1
                cstackBANK2                         144      144       10      120       1
                clrtext                             A2C      A2C        6     1390       0
                inittext                            A26      A26        6     1390       0
                dataBANK3                           1A0      1A0       40      1A0       1
                dataBANK2                           120      120       24      120       1
                dataBANK1                            A0       A0       3E       A0       1
                bssBANK1                             DE       DE       10       A0       1
                dataBANK0                            5F       5F        2       20       1
                bssBANK0                             45       45       1A       20       1
                bssCOMMON                            7B       7B        1       70       1
                stringtext1                        1000     1000       21     2000       0
                idataBANK3                          BC9      BC9       40     1792       0
                idataBANK2                          7D1      7D1       24        8       0
                idataBANK1                          B8B      B8B       3E     1716       0
                idataBANK0                            2        2        2        0       0

TOTAL           Name                               Link     Load   Length     Space
        CLASS   STACK          

        CLASS   CODE           
                end_init                            492      492        2         0
                cinit                               494      494       40         0
                intentry                              4        4      48E         0
                reset_vec                             0        0        2         0
                text18                              AF8      AF8       1B         0
                text17                              9C8      9C8        E         0
                text16                              766      766       6B         0
                text15                              ADF      ADF       19         0
                text14                              4D4      4D4      292         0
                text13                              B55      B55       36         0
                text12                              9D6      9D6        C         0
                text11                              A0A      A0A        A         0
                text10                              A00      A00        A         0
                text9                               AC9      AC9       16         0
                text8                               7F5      7F5        B         0
                text7                               9F6      9F6        A         0
                text6                               9EC      9EC        A         0
                text5                               A1D      A1D        9         0
                text4                               9E2      9E2        A         0
                text3                               A14      A14        9         0
                text2                               B13      B13       1E         0
                text1                               B31      B31       24         0
                maintext                            C09      C09      3F7         0
                clrtext                             A2C      A2C        6         0
                inittext                            A26      A26        6         0
                idataBANK3                          BC9      BC9       40         0
                idataBANK2                          7D1      7D1       24         0
                idataBANK1                          B8B      B8B       3E         0
                idataBANK0                            2        2        2         0

        CLASS   STRCODE        
                stringtext1                        1000     1000       21         0

        CLASS   STRING         

        CLASS   CONST          
                swtext22                            9B4      9B4       14         0
                swtext21                            9A0      9A0       14         0
                swtext20                            98C      98C       14         0
                swtext19                            978      978       14         0
                swtext18                            964      964       14         0
                swtext17                            950      950       14         0
                swtext16                            93C      93C       14         0
                swtext15                            928      928       14         0
                swtext14                            914      914       14         0
                swtext13                            900      900       14         0
                swtext12                            8DC      8DC       14         0
                swtext11                            8C8      8C8       14         0
                swtext10                            8B4      8B4       14         0
                swtext9                             8A0      8A0       14         0
                swtext8                             88C      88C       14         0
                swtext7                             878      878       14         0
                swtext6                             864      864       14         0
                swtext5                             850      850       14         0
                swtext4                             83C      83C       14         0
                swtext3                             828      828       14         0
                swtext2                             814      814       14         0
                swtext1                             800      800       14         0

        CLASS   ENTRY          

        CLASS   COMMON         
                cstackCOMMON                         70       70        B         1
                bssCOMMON                            7B       7B        1         1

        CLASS   BANK0          
                cstackBANK0                          20       20       25         1
                dataBANK0                            5F       5F        2         1
                bssBANK0                             45       45       1A         1

        CLASS   BANK1          
                dataBANK1                            A0       A0       3E         1
                bssBANK1                             DE       DE       10         1

        CLASS   BANK2          
                cstackBANK2                         144      144       10         1
                dataBANK2                           120      120       24         1

        CLASS   BANK3          
                dataBANK3                           1A0      1A0       40         1

        CLASS   BANK4          

        CLASS   BANK5          

        CLASS   BANK6          

        CLASS   BANK7          

        CLASS   BANK8          

        CLASS   BANK9          

        CLASS   BIGRAM         

        CLASS   RAM            

        CLASS   ABS1           
                abs_s1                               7E       7E        2         1

        CLASS   SFR0           

        CLASS   SFR1           

        CLASS   SFR2           

        CLASS   SFR3           

        CLASS   SFR4           

        CLASS   SFR5           

        CLASS   SFR6           

        CLASS   SFR7           

        CLASS   SFR8           

        CLASS   SFR9           

        CLASS   SFR10          

        CLASS   SFR11          

        CLASS   SFR12          

        CLASS   SFR13          

        CLASS   SFR14          

        CLASS   SFR15          

        CLASS   SFR16          

        CLASS   SFR17          

        CLASS   SFR18          

        CLASS   SFR19          

        CLASS   SFR20          

        CLASS   SFR21          

        CLASS   SFR22          

        CLASS   SFR23          

        CLASS   SFR24          

        CLASS   SFR25          

        CLASS   SFR26          

        CLASS   SFR27          

        CLASS   SFR28          

        CLASS   SFR29          

        CLASS   SFR30          

        CLASS   SFR31          

        CLASS   CONFIG         
                config                             8007     8007        2         0

        CLASS   IDLOC          

        CLASS   BANK31         

        CLASS   BANK30         

        CLASS   BANK29         

        CLASS   BANK28         

        CLASS   BANK27         

        CLASS   BANK26         

        CLASS   BANK25         

        CLASS   BANK24         

        CLASS   BANK23         

        CLASS   BANK22         

        CLASS   BANK21         

        CLASS   BANK20         

        CLASS   BANK19         

        CLASS   BANK18         

        CLASS   BANK17         

        CLASS   BANK16         

        CLASS   BANK15         

        CLASS   BANK14         

        CLASS   BANK13         

        CLASS   BANK12         

        CLASS   BANK11         

        CLASS   BANK10         

        CLASS   EEDATA         



SEGMENTS        Name                           Load    Length   Top    Selector   Space  Class     Delta

                reset_vec                      000000  000004  000004         0       0  CODE        2
                intentry                       000004  0007FC  000800         8       0  CODE        2
                cstackBANK0                    000020  000041  000061        20       1  BANK0       1
                cstackCOMMON                   000070  00000C  00007C        70       1  COMMON      1
                dataBANK1                      0000A0  00004E  0000EE        A0       1  BANK1       1
                dataBANK2                      000120  000034  000154       120       1  BANK2       1
                dataBANK3                      0001A0  000040  0001E0       1A0       1  BANK3       1
                swtext1                        000800  0000F0  0008F0      1000       0  CONST       2
                swtext13                       000900  0000C8  0009C8      1200       0  CONST       2
                text17                         0009C8  00006A  000A32      1390       0  CODE        2
                text9                          000AC9  000016  000ADF      1592       0  CODE        2
                text15                         000ADF  000019  000AF8      15BE       0  CODE        2
                text18                         000AF8  00001B  000B13      15F0       0  CODE        2
                text2                          000B13  00001E  000B31      1626       0  CODE        2
                text1                          000B31  000024  000B55      1662       0  CODE        2
                text13                         000B55  000036  000B8B      16AA       0  CODE        2
                idataBANK1                     000B8B  00003E  000BC9      1716       0  CODE        2
                idataBANK3                     000BC9  000040  000C09      1792       0  CODE        2
                maintext                       000C09  0003F7  001000      1812       0  CODE        2
                stringtext1                    001000  000021  001021      2000       0  STRCODE     2
                config                         008007  000002  008009     1000E       0  CONFIG      2


UNUSED ADDRESS RANGES

        Name                Unused          Largest block    Delta
        BANK0            00061-0006F               F           1
        BANK1            000EE-000EF               2           1
        BANK2            00154-0016F              1C           1
        BANK3            001E0-001EF              10           1
        BANK4            00220-0026F              50           1
        BANK5            002A0-002EF              50           1
        BANK6            00320-0036F              50           1
        BANK7            003A0-003EF              50           1
        BANK8            00420-0046F              50           1
        BANK9            004A0-004BF              20           1
        BIGRAM           02000-022EF             2F0           1
        CODE             008F0-008FF              10           2
                         00A32-00AC8              97
                         01021-01FFF             7DF
        COMMON           0007C-0007D               2           1
        CONST            008F0-008FF              10           2
                         00A32-00AC8              97
                         01021-01FFF             100
        ENTRY            008F0-008FF              10           2
                         00A32-00AC8              97
                         01021-01FFF             100
        IDLOC            08000-08003               4           2
        RAM              00061-0006F               F           1
                         000EE-000EF               2
                         00154-0016F              1C
                         001E0-001EF              10
                         00220-0026F              50
                         002A0-002EF              50
                         00320-0036F              50
                         003A0-003EF              50
                         00420-0046F              50
                         004A0-004BF              20
        SFR0             00000-0001F              20           1
        SFR1             00080-0009F              20           1
        SFR10            00500-0056F              70           1
        SFR11            00580-005EF              70           1
        SFR12            00600-0066F              70           1
        SFR13            00680-006EF              70           1
        SFR14            00700-0076F              70           1
        SFR15            00780-007EF              70           1
        SFR16            00800-0086F              70           1
        SFR17            00880-008EF              70           1
        SFR18            00900-0096F              70           1
        SFR19            00980-009EF              70           1
        SFR2             00100-0011F              20           1
        SFR20            00A00-00A6F              70           1
        SFR21            00A80-00AEF              70           1
        SFR22            00B00-00B6F              70           1
        SFR23            00B80-00BEF              70           1
        SFR24            00C00-00C6F              70           1
        SFR25            00C80-00CEF              70           1
        SFR26            00D00-00D6F              70           1
        SFR27            00D80-00DEF              70           1
        SFR28            00E00-00E6F              70           1
        SFR29            00E80-00EEF              70           1
        SFR3             00180-0019F              20           1
        SFR30            00F00-00F6F              70           1
        SFR31            00F80-00FEF              70           1
        SFR4             00200-0021F              20           1
        SFR5             00280-0029F              20           1
        SFR6             00300-0031F              20           1
        SFR7             00380-0039F              20           1
        SFR8             00400-0041F              20           1
        SFR9             00480-0049F              20           1
        STACK            02130-022EF             1C0           1
        STRCODE          008F0-008FF              10           2
                         00A32-00AC8              97
                         01021-01FFF             FDF
        STRING           008F0-008FF              10           2
                         00A32-00AC8              97
                         01021-01FFF             100

                                  Symbol Table

?___wmul                    cstackCOMMON 00072
?_atoi                      cstackCOMMON 00078
ACTION@FanSpeed             cstackBANK0  0002E
ACTION@FanSpeedString       cstackBANK0  00035
ACTION@SwNum                cstackBANK0  00039
ACTION@SwNumString          cstackBANK0  00037
ACTION@Switch_Num_10s       cstackBANK0  00034
ACTION@Switch_Num_1s        cstackBANK0  00026
ACTION@child_lock_num       cstackBANK0  00032
ACTION@children             cstackBANK0  00030
ACTION@finalFrameStat       cstackBANK0  0002B
ACTION@parent               cstackBANK0  0002A
ACTION@response_starts      cstackBANK0  0003B
ACTION@speed_bitHigh        cstackBANK0  00028
ACTION@speed_bitLow         cstackBANK0  00029
ACTION@sw_status            cstackBANK0  00027
ACTION@switch_status        cstackBANK0  0003D
_ACTION                     text14       004D4
_ANSELA                     (abs)        0018C
_ANSELE                     (abs)        00190
_ANSELF                     (abs)        0040C
_ANSELG                     (abs)        0040D
_BAUD1CON                   (abs)        0019F
_CCP1CON                    (abs)        00293
_CCP1_Initialize            text12       009D6
_CCP3CON                    (abs)        00313
_CCP3_Initialize            text11       00A0A
_CCP9CON                    (abs)        0061C
_CCP9_Initialize            text10       00A00
_CCPR1H                     (abs)        00292
_CCPR1L                     (abs)        00291
_CCPR3H                     (abs)        00312
_CCPR3L                     (abs)        00311
_CCPR9H                     (abs)        0061B
_CCPR9L                     (abs)        0061A
_COPY_FLAG                  bssBANK0     0004F
_EUSART_Initialize          text9        00AC9
_FAN_FLAG1                  bssBANK1     000E2
_FAN_FLAG2                  bssBANK1     000E0
_FAN_SPEED1_10s             bssBANK0     00055
_FAN_SPEED1_1s              bssBANK0     00053
_FAN_SPEED2_10s             bssBANK1     000EA
_FAN_SPEED2_1s              bssBANK0     00051
_GIE                        (abs)        0005F
_M1                         bssBANK0     0004D
_M2                         bssBANK0     0004B
_M3                         bssBANK0     00049
_M4                         bssBANK0     00047
_M5                         bssBANK0     00045
_PEIE                       (abs)        0005E
_PIE1bits                   (abs)        00091
_PIE3bits                   (abs)        00093
_PIE4bits                   (abs)        00094
_PIR1bits                   (abs)        00011
_PIR3bits                   (abs)        00013
_PIR4bits                   (abs)        00014
_PR2                        (abs)        0001B
_PR4                        (abs)        00416
_RA3                        (abs)        00063
_RA5                        (abs)        00065
_RC1REG                     (abs)        00199
_RC1STA                     (abs)        0019D
_RC1STAbits                 (abs)        0019D
_RCIF                       (abs)        0008D
_RE0                        (abs)        00080
_RE1                        (abs)        00081
_RE2                        (abs)        00082
_RE4                        (abs)        00084
_RE5                        (abs)        00085
_RF0                        (abs)        01460
_RF1                        (abs)        01461
_RF2                        (abs)        01462
_RF3                        (abs)        01463
_RF5                        (abs)        01465
_RF7                        (abs)        01467
_SP1BRGH                    (abs)        0019C
_SP1BRGL                    (abs)        0019B
_T1CON                      (abs)        00018
_T1CONbits                  (abs)        00018
_T1GCON                     (abs)        00019
_T2CON                      (abs)        0001C
_T2CONbits                  (abs)        0001C
_T3CON                      (abs)        00413
_T3CONbits                  (abs)        00413
_T3GCON                     (abs)        00414
_T4CON                      (abs)        00417
_T4CONbits                  (abs)        00417
_T5CON                      (abs)        0041A
_T5GCON                     (abs)        0041B
_T6CON                      (abs)        0041E
_TMR1H                      (abs)        00017
_TMR1L                      (abs)        00016
_TMR1_Initialize            text8        007F5
_TMR2                       (abs)        0001A
_TMR2_Initialize            text7        009F6
_TMR3H                      (abs)        00412
_TMR3L                      (abs)        00411
_TMR3_Initialize            text6        009EC
_TMR4                       (abs)        00415
_TMR4_Initialize            text5        00A1D
_TMR5H                      (abs)        00419
_TMR5L                      (abs)        00418
_TMR5_Initialize            text4        009E2
_TMR6                       (abs)        0041C
_TMR6_Initialize            text3        00A14
_TRISAbits                  (abs)        0008C
_TRISCbits                  (abs)        0008E
_TRISEbits                  (abs)        00090
_TRISFbits                  (abs)        0030C
_TRISGbits                  (abs)        0030D
_TX1REG                     (abs)        0019A
_TX1STA                     (abs)        0019E
_TX1STAbits                 (abs)        0019E
_TX_FLAG                    bssBANK1     000E4
_WPUE                       (abs)        00210
_WPUG                       (abs)        0048D
__CFG_BOREN$OFF             (abs)        00000
__CFG_BORV$LO               (abs)        00000
__CFG_CLKOUTEN$OFF          (abs)        00000
__CFG_CP$OFF                (abs)        00000
__CFG_FCMEN$OFF             (abs)        00000
__CFG_FOSC$HS               (abs)        00000
__CFG_IESO$OFF              (abs)        00000
__CFG_LPBOR$OFF             (abs)        00000
__CFG_LVP$OFF               (abs)        00000
__CFG_MCLRE$OFF             (abs)        00000
__CFG_PWRTE$OFF             (abs)        00000
__CFG_STVREN$OFF            (abs)        00000
__CFG_VCAPEN$OFF            (abs)        00000
__CFG_WDTE$OFF              (abs)        00000
__CFG_WRT$OFF               (abs)        00000
__Habs1                     abs1         00000
__Hbank0                    bank0        00000
__Hbank1                    bank1        00000
__Hbank10                   bank10       00000
__Hbank11                   bank11       00000
__Hbank12                   bank12       00000
__Hbank13                   bank13       00000
__Hbank14                   bank14       00000
__Hbank15                   bank15       00000
__Hbank16                   bank16       00000
__Hbank17                   bank17       00000
__Hbank18                   bank18       00000
__Hbank19                   bank19       00000
__Hbank2                    bank2        00000
__Hbank20                   bank20       00000
__Hbank21                   bank21       00000
__Hbank22                   bank22       00000
__Hbank23                   bank23       00000
__Hbank24                   bank24       00000
__Hbank25                   bank25       00000
__Hbank26                   bank26       00000
__Hbank27                   bank27       00000
__Hbank28                   bank28       00000
__Hbank29                   bank29       00000
__Hbank3                    bank3        00000
__Hbank30                   bank30       00000
__Hbank31                   bank31       00000
__Hbank4                    bank4        00000
__Hbank5                    bank5        00000
__Hbank6                    bank6        00000
__Hbank7                    bank7        00000
__Hbank8                    bank8        00000
__Hbank9                    bank9        00000
__Hbigram                   bigram       00000
__HbssBANK0                 bssBANK0     00000
__HbssBANK1                 bssBANK1     00000
__HbssCOMMON                bssCOMMON    00000
__Hcinit                    cinit        004D4
__Hclrtext                  clrtext      00000
__Hcode                     code         00000
__Hcommon                   common       00000
__Hconfig                   config       08009
__HcstackBANK0              cstackBANK0  00000
__HcstackBANK2              cstackBANK2  00000
__HcstackCOMMON             cstackCOMMON 00000
__HdataBANK0                dataBANK0    00000
__HdataBANK1                dataBANK1    00000
__HdataBANK2                dataBANK2    00000
__HdataBANK3                dataBANK3    00000
__Heeprom_data              eeprom_data  00000
__Hend_init                 end_init     00494
__Hfunctab                  functab      00000
__HidataBANK0               idataBANK0   00000
__HidataBANK1               idataBANK1   00000
__HidataBANK2               idataBANK2   00000
__HidataBANK3               idataBANK3   00000
__Hidloc                    idloc        00000
__Hinit                     init         00492
__Hinittext                 inittext     00000
__Hintentry                 intentry     00492
__Hmaintext                 maintext     00000
__Hpowerup                  powerup      00000
__Hram                      ram          00000
__Hreset_vec                reset_vec    00002
__Hsfr0                     sfr0         00000
__Hsfr1                     sfr1         00000
__Hsfr10                    sfr10        00000
__Hsfr11                    sfr11        00000
__Hsfr12                    sfr12        00000
__Hsfr13                    sfr13        00000
__Hsfr14                    sfr14        00000
__Hsfr15                    sfr15        00000
__Hsfr16                    sfr16        00000
__Hsfr17                    sfr17        00000
__Hsfr18                    sfr18        00000
__Hsfr19                    sfr19        00000
__Hsfr2                     sfr2         00000
__Hsfr20                    sfr20        00000
__Hsfr21                    sfr21        00000
__Hsfr22                    sfr22        00000
__Hsfr23                    sfr23        00000
__Hsfr24                    sfr24        00000
__Hsfr25                    sfr25        00000
__Hsfr26                    sfr26        00000
__Hsfr27                    sfr27        00000
__Hsfr28                    sfr28        00000
__Hsfr29                    sfr29        00000
__Hsfr3                     sfr3         00000
__Hsfr30                    sfr30        00000
__Hsfr31                    sfr31        00000
__Hsfr4                     sfr4         00000
__Hsfr5                     sfr5         00000
__Hsfr6                     sfr6         00000
__Hsfr7                     sfr7         00000
__Hsfr8                     sfr8         00000
__Hsfr9                     sfr9         00000
__Hspace_0                  (abs)        08009
__Hspace_1                  (abs)        001E0
__Hspace_2                  (abs)        00000
__Hspace_3                  (abs)        00000
__Hstack                    stack        00000
__Hstrings                  strings      00000
__Hstringtext1              stringtext1  00000
__Hstringtext2              stringtext2  00000
__Htext                     text         00000
__Labs1                     abs1         00000
__Lbank0                    bank0        00000
__Lbank1                    bank1        00000
__Lbank10                   bank10       00000
__Lbank11                   bank11       00000
__Lbank12                   bank12       00000
__Lbank13                   bank13       00000
__Lbank14                   bank14       00000
__Lbank15                   bank15       00000
__Lbank16                   bank16       00000
__Lbank17                   bank17       00000
__Lbank18                   bank18       00000
__Lbank19                   bank19       00000
__Lbank2                    bank2        00000
__Lbank20                   bank20       00000
__Lbank21                   bank21       00000
__Lbank22                   bank22       00000
__Lbank23                   bank23       00000
__Lbank24                   bank24       00000
__Lbank25                   bank25       00000
__Lbank26                   bank26       00000
__Lbank27                   bank27       00000
__Lbank28                   bank28       00000
__Lbank29                   bank29       00000
__Lbank3                    bank3        00000
__Lbank30                   bank30       00000
__Lbank31                   bank31       00000
__Lbank4                    bank4        00000
__Lbank5                    bank5        00000
__Lbank6                    bank6        00000
__Lbank7                    bank7        00000
__Lbank8                    bank8        00000
__Lbank9                    bank9        00000
__Lbigram                   bigram       00000
__LbssBANK0                 bssBANK0     00000
__LbssBANK1                 bssBANK1     00000
__LbssCOMMON                bssCOMMON    00000
__Lcinit                    cinit        00494
__Lclrtext                  clrtext      00000
__Lcode                     code         00000
__Lcommon                   common       00000
__Lconfig                   config       08007
__LcstackBANK0              cstackBANK0  00000
__LcstackBANK2              cstackBANK2  00000
__LcstackCOMMON             cstackCOMMON 00000
__LdataBANK0                dataBANK0    00000
__LdataBANK1                dataBANK1    00000
__LdataBANK2                dataBANK2    00000
__LdataBANK3                dataBANK3    00000
__Leeprom_data              eeprom_data  00000
__Lend_init                 end_init     00492
__Lfunctab                  functab      00000
__LidataBANK0               idataBANK0   00000
__LidataBANK1               idataBANK1   00000
__LidataBANK2               idataBANK2   00000
__LidataBANK3               idataBANK3   00000
__Lidloc                    idloc        00000
__Linit                     init         00492
__Linittext                 inittext     00000
__Lintentry                 intentry     00004
__Lmaintext                 maintext     00000
__Lpowerup                  powerup      00000
__Lram                      ram          00000
__Lreset_vec                reset_vec    00000
__Lsfr0                     sfr0         00000
__Lsfr1                     sfr1         00000
__Lsfr10                    sfr10        00000
__Lsfr11                    sfr11        00000
__Lsfr12                    sfr12        00000
__Lsfr13                    sfr13        00000
__Lsfr14                    sfr14        00000
__Lsfr15                    sfr15        00000
__Lsfr16                    sfr16        00000
__Lsfr17                    sfr17        00000
__Lsfr18                    sfr18        00000
__Lsfr19                    sfr19        00000
__Lsfr2                     sfr2         00000
__Lsfr20                    sfr20        00000
__Lsfr21                    sfr21        00000
__Lsfr22                    sfr22        00000
__Lsfr23                    sfr23        00000
__Lsfr24                    sfr24        00000
__Lsfr25                    sfr25        00000
__Lsfr26                    sfr26        00000
__Lsfr27                    sfr27        00000
__Lsfr28                    sfr28        00000
__Lsfr29                    sfr29        00000
__Lsfr3                     sfr3         00000
__Lsfr30                    sfr30        00000
__Lsfr31                    sfr31        00000
__Lsfr4                     sfr4         00000
__Lsfr5                     sfr5         00000
__Lsfr6                     sfr6         00000
__Lsfr7                     sfr7         00000
__Lsfr8                     sfr8         00000
__Lsfr9                     sfr9         00000
__Lspace_0                  (abs)        00000
__Lspace_1                  (abs)        00000
__Lspace_2                  (abs)        00000
__Lspace_3                  (abs)        00000
__Lstack                    stack        00000
__Lstrings                  strings      00000
__Lstringtext1              stringtext1  00000
__Lstringtext2              stringtext2  00000
__Ltext                     text         00000
__S0                        (abs)        08009
__S1                        (abs)        001E0
__S2                        (abs)        00000
___int_sp                   stack        00000
___latbits                  (abs)        00002
___sp                       stack        00000
___wmul                     text18       00AF8
___wmul@multiplicand        cstackCOMMON 00074
___wmul@multiplier          cstackCOMMON 00072
___wmul@product             cstackCOMMON 00076
__end_of_ACTION             text14       00766
__end_of_CCP1_Initialize    text12       009E2
__end_of_CCP3_Initialize    text11       00A14
__end_of_CCP9_Initialize    text10       00A0A
__end_of_EUSART_Initialize  text9        00ADF
__end_of_TMR1_Initialize    text8        00800
__end_of_TMR2_Initialize    text7        00A00
__end_of_TMR3_Initialize    text6        009F6
__end_of_TMR4_Initialize    text5        00A26
__end_of_TMR5_Initialize    text4        009EC
__end_of_TMR6_Initialize    text3        00A1D
__end_of___wmul             text18       00B13
__end_of__initialization    cinit        004D0
__end_of_atoi               text16       007D1
__end_of_copy_frame         text13       00B8B
__end_of_isdigit            text17       009D6
__end_of_isr                intentry     00492
__end_of_main               maintext     01000
__end_of_periperal_init     text2        00B31
__end_of_pin_manager        text1        00B55
__end_of_writeUART          text15       00AF8
__initialization            cinit        00494
__pbssBANK0                 bssBANK0     00045
__pbssBANK1                 bssBANK1     000DE
__pbssCOMMON                bssCOMMON    0007B
__pcstackBANK0              cstackBANK0  00020
__pcstackBANK2              cstackBANK2  00144
__pcstackCOMMON             cstackCOMMON 00070
__pdataBANK0                dataBANK0    0005F
__pdataBANK1                dataBANK1    000A0
__pdataBANK2                dataBANK2    00120
__pdataBANK3                dataBANK3    001A0
__pidataBANK0               idataBANK0   00002
__pidataBANK1               idataBANK1   00B8B
__pidataBANK2               idataBANK2   007D1
__pidataBANK3               idataBANK3   00BC9
__pintentry                 intentry     00004
__pmaintext                 maintext     00C09
__pstringtext1              stringtext1  01000
__pstringtext2              stringtext2  00000
__pswtext1                  swtext1      00800
__pswtext10                 swtext10     008B4
__pswtext11                 swtext11     008C8
__pswtext12                 swtext12     008DC
__pswtext13                 swtext13     00900
__pswtext14                 swtext14     00914
__pswtext15                 swtext15     00928
__pswtext16                 swtext16     0093C
__pswtext17                 swtext17     00950
__pswtext18                 swtext18     00964
__pswtext19                 swtext19     00978
__pswtext2                  swtext2      00814
__pswtext20                 swtext20     0098C
__pswtext21                 swtext21     009A0
__pswtext22                 swtext22     009B4
__pswtext3                  swtext3      00828
__pswtext4                  swtext4      0083C
__pswtext5                  swtext5      00850
__pswtext6                  swtext6      00864
__pswtext7                  swtext7      00878
__pswtext8                  swtext8      0088C
__pswtext9                  swtext9      008A0
__ptext1                    text1        00B31
__ptext10                   text10       00A00
__ptext11                   text11       00A0A
__ptext12                   text12       009D6
__ptext13                   text13       00B55
__ptext14                   text14       004D4
__ptext15                   text15       00ADF
__ptext16                   text16       00766
__ptext17                   text17       009C8
__ptext18                   text18       00AF8
__ptext2                    text2        00B13
__ptext3                    text3        00A14
__ptext4                    text4        009E2
__ptext5                    text5        00A1D
__ptext6                    text6        009EC
__ptext7                    text7        009F6
__ptext8                    text8        007F5
__ptext9                    text9        00AC9
__size_of_ACTION            (abs)        00000
__size_of_CCP1_Initialize   (abs)        00000
__size_of_CCP3_Initialize   (abs)        00000
__size_of_CCP9_Initialize   (abs)        00000
__size_of_EUSART_Initialize (abs)        00000
__size_of_TMR1_Initialize   (abs)        00000
__size_of_TMR2_Initialize   (abs)        00000
__size_of_TMR3_Initialize   (abs)        00000
__size_of_TMR4_Initialize   (abs)        00000
__size_of_TMR5_Initialize   (abs)        00000
__size_of_TMR6_Initialize   (abs)        00000
__size_of___wmul            (abs)        00000
__size_of_atoi              (abs)        00000
__size_of_copy_frame        (abs)        00000
__size_of_isdigit           (abs)        00000
__size_of_isr               (abs)        00000
__size_of_main              (abs)        00000
__size_of_periperal_init    (abs)        00000
__size_of_pin_manager       (abs)        00000
__size_of_writeUART         (abs)        00000
_ak                         bssBANK0     00057
_atoi                       text16       00766
_child_LOCK                 dataBANK3    001A0
_copy                       dataBANK2    00120
_copy_frame                 text13       00B55
_dimmer1                    bssBANK0     0005E
_dimmer2                    bssBANK0     0005D
_i                          bssBANK0     0005B
_isdigit                    text17       009C8
_isdigit$908                cstackCOMMON 00072
_isr                        intentry     00004
_main                       maintext     00C09
_man                        dataBANK0    0005F
_name                       dataBANK1    000A0
_periperal_init             text2        00B13
_pin_manager                text1        00B31
_pk                         bssBANK0     00059
_st                         dataBANK1    000C4
_writeUART                  text15       00ADF
atoi@a                      cstackBANK0  00023
atoi@s                      cstackBANK0  00025
atoi@sign                   cstackBANK0  00022
btemp                       (abs)        0007E
clear_ram0                  clrtext      00A2C
copy_frame@end              cstackCOMMON 00074
copy_frame@k                cstackCOMMON 00079
copy_frame@start            cstackCOMMON 00072
copy_frame@sw               cstackCOMMON 00077
end_of_initialization       cinit        004D0
init_ram                    inittext     00A26
int$flags                   (abs)        0007E
intlevel0                   functab      00000
intlevel1                   functab      00000
intlevel2                   functab      00000
intlevel3                   functab      00000
intlevel4                   functab      00000
intlevel5                   functab      00000
isdigit@c                   cstackCOMMON 00073
main@RX_CHK_FLAG_end1       cstackBANK2  00148
main@RX_CHK_FLAG_end2       cstackBANK2  0014A
main@RX_CHK_FLAG_start1     cstackBANK2  00144
main@RX_CHK_FLAG_start2     cstackBANK2  00146
main@end_flag               cstackBANK2  0014E
main@k                      cstackBANK2  00152
main@k_682                  cstackBANK2  00150
main@start_flag             cstackBANK2  0014C
reset_vec                   reset_vec    00000
stackhi                     (abs)        022EF
stacklo                     (abs)        02130
start                       init         00492
start_initialization        cinit        00494
writeUART@Tx_count          cstackCOMMON 00073
writeUART@str2Write         cstackCOMMON 00075
wtemp0                      (abs)        0007E


FUNCTION INFORMATION:

 *************** function _main *****************
 Defined at:
		line 793 in file "twodimmer_1fd_1sw.c"
 Parameters:    Size  Location     Type
		None
 Auto vars:     Size  Location     Type
  k               2   12[BANK2 ] int 
  k               2   14[BANK2 ] int 
  end_flag        2   10[BANK2 ] int 
  start_flag      2    8[BANK2 ] int 
  RX_CHK_FLAG_    2    6[BANK2 ] int 
  RX_CHK_FLAG_    2    4[BANK2 ] int 
  RX_CHK_FLAG_    2    2[BANK2 ] int 
  RX_CHK_FLAG_    2    0[BANK2 ] int 
 Return value:  Size  Location     Type
                  1    wreg      void 
 Registers used:
		wreg, fsr0l, fsr0h, fsr1l, fsr1h, status,2, status,0, pclath, cstack
 Tracked objects:
		On entry : 
		On exit  : 
		Unchanged: 
 Data sizes:     COMMON   BANK0   BANK1   BANK2   BANK3   BANK4   BANK5   BANK6   BANK7   BANK8   BANK9
      Params:         0       0       0       0       0       0       0       0       0       0       0
      Locals:         0       0       0      16       0       0       0       0       0       0       0
      Temps:          0       6       0       0       0       0       0       0       0       0       0
      Totals:         0       6       0      16       0       0       0       0       0       0       0
Total ram usage:       22 bytes
 Hardware stack levels required when called:    4
 This function calls:
		_ACTION
		_copy_frame
		_periperal_init
		_pin_manager
		_writeUART
 This function is called by:
		Startup code after reset
 This function uses a non-reentrant model


 *************** function _pin_manager *****************
 Defined at:
		line 1504 in file "twodimmer_1fd_1sw.c"
 Parameters:    Size  Location     Type
		None
 Auto vars:     Size  Location     Type
		None
 Return value:  Size  Location     Type
                  1    wreg      void 
 Registers used:
		status,2
 Tracked objects:
		On entry : 
		On exit  : 
		Unchanged: 
 Data sizes:     COMMON   BANK0   BANK1   BANK2   BANK3   BANK4   BANK5   BANK6   BANK7   BANK8   BANK9
      Params:         0       0       0       0       0       0       0       0       0       0       0
      Locals:         0       0       0       0       0       0       0       0       0       0       0
      Temps:          0       0       0       0       0       0       0       0       0       0       0
      Totals:         0       0       0       0       0       0       0       0       0       0       0
Total ram usage:        0 bytes
 Hardware stack levels used:    1
 Hardware stack levels required when called:    1
 This function calls:
		Nothing
 This function is called by:
		_main
 This function uses a non-reentrant model


 *************** function _periperal_init *****************
 Defined at:
		line 776 in file "twodimmer_1fd_1sw.c"
 Parameters:    Size  Location     Type
		None
 Auto vars:     Size  Location     Type
		None
 Return value:  Size  Location     Type
                  1    wreg      void 
 Registers used:
		wreg, status,2, status,0, pclath, cstack
 Tracked objects:
		On entry : 
		On exit  : 
		Unchanged: 
 Data sizes:     COMMON   BANK0   BANK1   BANK2   BANK3   BANK4   BANK5   BANK6   BANK7   BANK8   BANK9
      Params:         0       0       0       0       0       0       0       0       0       0       0
      Locals:         0       0       0       0       0       0       0       0       0       0       0
      Temps:          0       0       0       0       0       0       0       0       0       0       0
      Totals:         0       0       0       0       0       0       0       0       0       0       0
Total ram usage:        0 bytes
 Hardware stack levels used:    1
 Hardware stack levels required when called:    2
 This function calls:
		_CCP1_Initialize
		_CCP3_Initialize
		_CCP9_Initialize
		_EUSART_Initialize
		_TMR1_Initialize
		_TMR2_Initialize
		_TMR3_Initialize
		_TMR4_Initialize
		_TMR5_Initialize
		_TMR6_Initialize
 This function is called by:
		_main
 This function uses a non-reentrant model


 *************** function _TMR6_Initialize *****************
 Defined at:
		line 1353 in file "twodimmer_1fd_1sw.c"
 Parameters:    Size  Location     Type
		None
 Auto vars:     Size  Location     Type
		None
 Return value:  Size  Location     Type
                  1    wreg      void 
 Registers used:
		wreg, status,2
 Tracked objects:
		On entry : 
		On exit  : 
		Unchanged: 
 Data sizes:     COMMON   BANK0   BANK1   BANK2   BANK3   BANK4   BANK5   BANK6   BANK7   BANK8   BANK9
      Params:         0       0       0       0       0       0       0       0       0       0       0
      Locals:         0       0       0       0       0       0       0       0       0       0       0
      Temps:          0       0       0       0       0       0       0       0       0       0       0
      Totals:         0       0       0       0       0       0       0       0       0       0       0
Total ram usage:        0 bytes
 Hardware stack levels used:    1
 Hardware stack levels required when called:    1
 This function calls:
		Nothing
 This function is called by:
		_periperal_init
 This function uses a non-reentrant model


 *************** function _TMR5_Initialize *****************
 Defined at:
		line 1262 in file "twodimmer_1fd_1sw.c"
 Parameters:    Size  Location     Type
		None
 Auto vars:     Size  Location     Type
		None
 Return value:  Size  Location     Type
                  1    wreg      void 
 Registers used:
		status,2
 Tracked objects:
		On entry : 
		On exit  : 
		Unchanged: 
 Data sizes:     COMMON   BANK0   BANK1   BANK2   BANK3   BANK4   BANK5   BANK6   BANK7   BANK8   BANK9
      Params:         0       0       0       0       0       0       0       0       0       0       0
      Locals:         0       0       0       0       0       0       0       0       0       0       0
      Temps:          0       0       0       0       0       0       0       0       0       0       0
      Totals:         0       0       0       0       0       0       0       0       0       0       0
Total ram usage:        0 bytes
 Hardware stack levels used:    1
 Hardware stack levels required when called:    1
 This function calls:
		Nothing
 This function is called by:
		_periperal_init
 This function uses a non-reentrant model


 *************** function _TMR4_Initialize *****************
 Defined at:
		line 1333 in file "twodimmer_1fd_1sw.c"
 Parameters:    Size  Location     Type
		None
 Auto vars:     Size  Location     Type
		None
 Return value:  Size  Location     Type
                  1    wreg      void 
 Registers used:
		wreg, status,2
 Tracked objects:
		On entry : 
		On exit  : 
		Unchanged: 
 Data sizes:     COMMON   BANK0   BANK1   BANK2   BANK3   BANK4   BANK5   BANK6   BANK7   BANK8   BANK9
      Params:         0       0       0       0       0       0       0       0       0       0       0
      Locals:         0       0       0       0       0       0       0       0       0       0       0
      Temps:          0       0       0       0       0       0       0       0       0       0       0
      Totals:         0       0       0       0       0       0       0       0       0       0       0
Total ram usage:        0 bytes
 Hardware stack levels used:    1
 Hardware stack levels required when called:    1
 This function calls:
		Nothing
 This function is called by:
		_periperal_init
 This function uses a non-reentrant model


 *************** function _TMR3_Initialize *****************
 Defined at:
		line 1230 in file "twodimmer_1fd_1sw.c"
 Parameters:    Size  Location     Type
		None
 Auto vars:     Size  Location     Type
		None
 Return value:  Size  Location     Type
                  1    wreg      void 
 Registers used:
		status,2
 Tracked objects:
		On entry : 
		On exit  : 
		Unchanged: 
 Data sizes:     COMMON   BANK0   BANK1   BANK2   BANK3   BANK4   BANK5   BANK6   BANK7   BANK8   BANK9
      Params:         0       0       0       0       0       0       0       0       0       0       0
      Locals:         0       0       0       0       0       0       0       0       0       0       0
      Temps:          0       0       0       0       0       0       0       0       0       0       0
      Totals:         0       0       0       0       0       0       0       0       0       0       0
Total ram usage:        0 bytes
 Hardware stack levels used:    1
 Hardware stack levels required when called:    1
 This function calls:
		Nothing
 This function is called by:
		_periperal_init
 This function uses a non-reentrant model


 *************** function _TMR2_Initialize *****************
 Defined at:
		line 1285 in file "twodimmer_1fd_1sw.c"
 Parameters:    Size  Location     Type
		None
 Auto vars:     Size  Location     Type
		None
 Return value:  Size  Location     Type
                  1    wreg      void 
 Registers used:
		wreg, status,2
 Tracked objects:
		On entry : 
		On exit  : 
		Unchanged: 
 Data sizes:     COMMON   BANK0   BANK1   BANK2   BANK3   BANK4   BANK5   BANK6   BANK7   BANK8   BANK9
      Params:         0       0       0       0       0       0       0       0       0       0       0
      Locals:         0       0       0       0       0       0       0       0       0       0       0
      Temps:          0       0       0       0       0       0       0       0       0       0       0
      Totals:         0       0       0       0       0       0       0       0       0       0       0
Total ram usage:        0 bytes
 Hardware stack levels used:    1
 Hardware stack levels required when called:    1
 This function calls:
		Nothing
 This function is called by:
		_periperal_init
 This function uses a non-reentrant model


 *************** function _TMR1_Initialize *****************
 Defined at:
		line 1198 in file "twodimmer_1fd_1sw.c"
 Parameters:    Size  Location     Type
		None
 Auto vars:     Size  Location     Type
		None
 Return value:  Size  Location     Type
                  1    wreg      void 
 Registers used:
		status,2
 Tracked objects:
		On entry : 
		On exit  : 
		Unchanged: 
 Data sizes:     COMMON   BANK0   BANK1   BANK2   BANK3   BANK4   BANK5   BANK6   BANK7   BANK8   BANK9
      Params:         0       0       0       0       0       0       0       0       0       0       0
      Locals:         0       0       0       0       0       0       0       0       0       0       0
      Temps:          0       0       0       0       0       0       0       0       0       0       0
      Totals:         0       0       0       0       0       0       0       0       0       0       0
Total ram usage:        0 bytes
 Hardware stack levels used:    1
 Hardware stack levels required when called:    1
 This function calls:
		Nothing
 This function is called by:
		_periperal_init
 This function uses a non-reentrant model


 *************** function _EUSART_Initialize *****************
 Defined at:
		line 1464 in file "twodimmer_1fd_1sw.c"
 Parameters:    Size  Location     Type
		None
 Auto vars:     Size  Location     Type
		None
 Return value:  Size  Location     Type
                  1    wreg      void 
 Registers used:
		wreg
 Tracked objects:
		On entry : 
		On exit  : 
		Unchanged: 
 Data sizes:     COMMON   BANK0   BANK1   BANK2   BANK3   BANK4   BANK5   BANK6   BANK7   BANK8   BANK9
      Params:         0       0       0       0       0       0       0       0       0       0       0
      Locals:         0       0       0       0       0       0       0       0       0       0       0
      Temps:          0       0       0       0       0       0       0       0       0       0       0
      Totals:         0       0       0       0       0       0       0       0       0       0       0
Total ram usage:        0 bytes
 Hardware stack levels used:    1
 Hardware stack levels required when called:    1
 This function calls:
		Nothing
 This function is called by:
		_periperal_init
 This function uses a non-reentrant model


 *************** function _CCP9_Initialize *****************
 Defined at:
		line 1444 in file "twodimmer_1fd_1sw.c"
 Parameters:    Size  Location     Type
		None
 Auto vars:     Size  Location     Type
		None
 Return value:  Size  Location     Type
                  1    wreg      void 
 Registers used:
		wreg, status,2
 Tracked objects:
		On entry : 
		On exit  : 
		Unchanged: 
 Data sizes:     COMMON   BANK0   BANK1   BANK2   BANK3   BANK4   BANK5   BANK6   BANK7   BANK8   BANK9
      Params:         0       0       0       0       0       0       0       0       0       0       0
      Locals:         0       0       0       0       0       0       0       0       0       0       0
      Temps:          0       0       0       0       0       0       0       0       0       0       0
      Totals:         0       0       0       0       0       0       0       0       0       0       0
Total ram usage:        0 bytes
 Hardware stack levels used:    1
 Hardware stack levels required when called:    1
 This function calls:
		Nothing
 This function is called by:
		_periperal_init
 This function uses a non-reentrant model


 *************** function _CCP3_Initialize *****************
 Defined at:
		line 1398 in file "twodimmer_1fd_1sw.c"
 Parameters:    Size  Location     Type
		None
 Auto vars:     Size  Location     Type
		None
 Return value:  Size  Location     Type
                  1    wreg      void 
 Registers used:
		wreg, status,2
 Tracked objects:
		On entry : 
		On exit  : 
		Unchanged: 
 Data sizes:     COMMON   BANK0   BANK1   BANK2   BANK3   BANK4   BANK5   BANK6   BANK7   BANK8   BANK9
      Params:         0       0       0       0       0       0       0       0       0       0       0
      Locals:         0       0       0       0       0       0       0       0       0       0       0
      Temps:          0       0       0       0       0       0       0       0       0       0       0
      Totals:         0       0       0       0       0       0       0       0       0       0       0
Total ram usage:        0 bytes
 Hardware stack levels used:    1
 Hardware stack levels required when called:    1
 This function calls:
		Nothing
 This function is called by:
		_periperal_init
 This function uses a non-reentrant model


 *************** function _CCP1_Initialize *****************
 Defined at:
		line 1373 in file "twodimmer_1fd_1sw.c"
 Parameters:    Size  Location     Type
		None
 Auto vars:     Size  Location     Type
		None
 Return value:  Size  Location     Type
                  1    wreg      void 
 Registers used:
		wreg, status,2
 Tracked objects:
		On entry : 
		On exit  : 
		Unchanged: 
 Data sizes:     COMMON   BANK0   BANK1   BANK2   BANK3   BANK4   BANK5   BANK6   BANK7   BANK8   BANK9
      Params:         0       0       0       0       0       0       0       0       0       0       0
      Locals:         0       0       0       0       0       0       0       0       0       0       0
      Temps:          0       0       0       0       0       0       0       0       0       0       0
      Totals:         0       0       0       0       0       0       0       0       0       0       0
Total ram usage:        0 bytes
 Hardware stack levels used:    1
 Hardware stack levels required when called:    1
 This function calls:
		Nothing
 This function is called by:
		_periperal_init
 This function uses a non-reentrant model


 *************** function _copy_frame *****************
 Defined at:
		line 1000 in file "twodimmer_1fd_1sw.c"
 Parameters:    Size  Location     Type
  start           2    2[COMMON] int 
  end             2    4[COMMON] int 
 Auto vars:     Size  Location     Type
  k               2    9[COMMON] int 
  sw              2    7[COMMON] int 
 Return value:  Size  Location     Type
                  1    wreg      void 
 Registers used:
		wreg, fsr1l, fsr1h, status,2, status,0
 Tracked objects:
		On entry : 
		On exit  : 
		Unchanged: 
 Data sizes:     COMMON   BANK0   BANK1   BANK2   BANK3   BANK4   BANK5   BANK6   BANK7   BANK8   BANK9
      Params:         4       0       0       0       0       0       0       0       0       0       0
      Locals:         4       0       0       0       0       0       0       0       0       0       0
      Temps:          1       0       0       0       0       0       0       0       0       0       0
      Totals:         9       0       0       0       0       0       0       0       0       0       0
Total ram usage:        9 bytes
 Hardware stack levels used:    1
 Hardware stack levels required when called:    1
 This function calls:
		Nothing
 This function is called by:
		_main
 This function uses a non-reentrant model


 *************** function _ACTION *****************
 Defined at:
		line 1012 in file "twodimmer_1fd_1sw.c"
 Parameters:    Size  Location     Type
  Switch_Num_1    1    wreg     unsigned char 
  Switch_Num_1    1    6[BANK0 ] unsigned char 
  sw_status       1    7[BANK0 ] unsigned char 
  speed_bitHig    1    8[BANK0 ] unsigned char 
  speed_bitLow    1    9[BANK0 ] unsigned char 
  parent          1   10[BANK0 ] unsigned char 
  finalFrameSt    1   11[BANK0 ] unsigned char 
 Auto vars:     Size  Location     Type
  Switch_Num_1    1   20[BANK0 ] unsigned char 
  SwNumString     2   23[BANK0 ] unsigned char [2]
  FanSpeedStri    2   21[BANK0 ] unsigned char [2]
  child_lock_n    2   18[BANK0 ] int 
  children        2   16[BANK0 ] int 
  FanSpeed        2   14[BANK0 ] int 
  switch_statu    2   29[BANK0 ] int 
  response_sta    2   27[BANK0 ] int 
  SwNum           2   25[BANK0 ] int 
 Return value:  Size  Location     Type
                  1    wreg      void 
 Registers used:
		wreg, fsr0l, fsr0h, fsr1l, fsr1h, status,2, status,0, pclath, cstack
 Tracked objects:
		On entry : 
		On exit  : 
		Unchanged: 
 Data sizes:     COMMON   BANK0   BANK1   BANK2   BANK3   BANK4   BANK5   BANK6   BANK7   BANK8   BANK9
      Params:         0       6       0       0       0       0       0       0       0       0       0
      Locals:         0      17       0       0       0       0       0       0       0       0       0
      Temps:          0       2       0       0       0       0       0       0       0       0       0
      Totals:         0      25       0       0       0       0       0       0       0       0       0
Total ram usage:       25 bytes
 Hardware stack levels used:    1
 Hardware stack levels required when called:    3
 This function calls:
		_atoi
		_writeUART
 This function is called by:
		_main
 This function uses a non-reentrant model


 *************** function _writeUART *****************
 Defined at:
		line 1184 in file "twodimmer_1fd_1sw.c"
 Parameters:    Size  Location     Type
  str2Write       1    wreg     PTR unsigned char 
		 -> st(26), 
 Auto vars:     Size  Location     Type
  str2Write       1    5[COMMON] PTR unsigned char 
		 -> st(26), 
  Tx_count        2    3[COMMON] int 
 Return value:  Size  Location     Type
                  1    wreg      void 
 Registers used:
		wreg, fsr1l, fsr1h, status,2, status,0
 Tracked objects:
		On entry : 
		On exit  : 
		Unchanged: 
 Data sizes:     COMMON   BANK0   BANK1   BANK2   BANK3   BANK4   BANK5   BANK6   BANK7   BANK8   BANK9
      Params:         0       0       0       0       0       0       0       0       0       0       0
      Locals:         3       0       0       0       0       0       0       0       0       0       0
      Temps:          1       0       0       0       0       0       0       0       0       0       0
      Totals:         4       0       0       0       0       0       0       0       0       0       0
Total ram usage:        4 bytes
 Hardware stack levels used:    1
 Hardware stack levels required when called:    1
 This function calls:
		Nothing
 This function is called by:
		_main
		_ACTION
 This function uses a non-reentrant model


 *************** function _atoi *****************
 Defined at:
		line 5 in file "C:\Program Files\Microchip\xc8\v1.45\sources\common\atoi.c"
 Parameters:    Size  Location     Type
  s               1    wreg     PTR const unsigned char 
		 -> ACTION@FanSpeedString(2), ACTION@SwNumString(2), 
 Auto vars:     Size  Location     Type
  s               1    5[BANK0 ] PTR const unsigned char 
		 -> ACTION@FanSpeedString(2), ACTION@SwNumString(2), 
  a               2    3[BANK0 ] int 
  sign            1    2[BANK0 ] unsigned char 
 Return value:  Size  Location     Type
                  2    8[COMMON] int 
 Registers used:
		wreg, fsr1l, fsr1h, status,2, status,0, pclath, cstack
 Tracked objects:
		On entry : 
		On exit  : 
		Unchanged: 
 Data sizes:     COMMON   BANK0   BANK1   BANK2   BANK3   BANK4   BANK5   BANK6   BANK7   BANK8   BANK9
      Params:         2       0       0       0       0       0       0       0       0       0       0
      Locals:         0       4       0       0       0       0       0       0       0       0       0
      Temps:          0       2       0       0       0       0       0       0       0       0       0
      Totals:         2       6       0       0       0       0       0       0       0       0       0
Total ram usage:        8 bytes
 Hardware stack levels used:    1
 Hardware stack levels required when called:    2
 This function calls:
		___wmul
		_isdigit
 This function is called by:
		_ACTION
 This function uses a non-reentrant model


 *************** function _isdigit *****************
 Defined at:
		line 8 in file "C:\Program Files\Microchip\xc8\v1.45\sources\common\isdigit.c"
 Parameters:    Size  Location     Type
  c               1    wreg     unsigned char 
 Auto vars:     Size  Location     Type
  c               1    3[COMMON] unsigned char 
 Return value:  Size  Location     Type
		None               void
 Registers used:
		wreg, status,2, status,0
 Tracked objects:
		On entry : 
		On exit  : 
		Unchanged: 
 Data sizes:     COMMON   BANK0   BANK1   BANK2   BANK3   BANK4   BANK5   BANK6   BANK7   BANK8   BANK9
      Params:         0       0       0       0       0       0       0       0       0       0       0
      Locals:         2       0       0       0       0       0       0       0       0       0       0
      Temps:          0       0       0       0       0       0       0       0       0       0       0
      Totals:         2       0       0       0       0       0       0       0       0       0       0
Total ram usage:        2 bytes
 Hardware stack levels used:    1
 Hardware stack levels required when called:    1
 This function calls:
		Nothing
 This function is called by:
		_atoi
 This function uses a non-reentrant model


 *************** function ___wmul *****************
 Defined at:
		line 15 in file "C:\Program Files\Microchip\xc8\v1.45\sources\common\Umul16.c"
 Parameters:    Size  Location     Type
  multiplier      2    2[COMMON] unsigned int 
  multiplicand    2    4[COMMON] unsigned int 
 Auto vars:     Size  Location     Type
  product         2    6[COMMON] unsigned int 
 Return value:  Size  Location     Type
                  2    2[COMMON] unsigned int 
 Registers used:
		wreg, status,2, status,0
 Tracked objects:
		On entry : 
		On exit  : 
		Unchanged: 
 Data sizes:     COMMON   BANK0   BANK1   BANK2   BANK3   BANK4   BANK5   BANK6   BANK7   BANK8   BANK9
      Params:         4       0       0       0       0       0       0       0       0       0       0
      Locals:         2       0       0       0       0       0       0       0       0       0       0
      Temps:          0       0       0       0       0       0       0       0       0       0       0
      Totals:         6       0       0       0       0       0       0       0       0       0       0
Total ram usage:        6 bytes
 Hardware stack levels used:    1
 Hardware stack levels required when called:    1
 This function calls:
		Nothing
 This function is called by:
		_atoi
 This function uses a non-reentrant model


 *************** function _isr *****************
 Defined at:
		line 82 in file "twodimmer_1fd_1sw.c"
 Parameters:    Size  Location     Type
		None
 Auto vars:     Size  Location     Type
		None
 Return value:  Size  Location     Type
                  1    wreg      void 
 Registers used:
		wreg, fsr0l, fsr0h, fsr1l, fsr1h, status,2, status,0
 Tracked objects:
		On entry : 
		On exit  : 
		Unchanged: 
 Data sizes:     COMMON   BANK0   BANK1   BANK2   BANK3   BANK4   BANK5   BANK6   BANK7   BANK8   BANK9
      Params:         0       0       0       0       0       0       0       0       0       0       0
      Locals:         0       0       0       0       0       0       0       0       0       0       0
      Temps:          2       0       0       0       0       0       0       0       0       0       0
      Totals:         2       0       0       0       0       0       0       0       0       0       0
Total ram usage:        2 bytes
 Hardware stack levels used:    1
 This function calls:
		Nothing
 This function is called by:
		Interrupt level 1
 This function uses a non-reentrant model



MODULE INFORMATION

Module		Function		Class		Link	Load	Size
C:\Program Files\Microchip\xc8\v1.45\sources\common\Umul16.c
		___wmul        		CODE           	0AF8	0000	28

C:\Program Files\Microchip\xc8\v1.45\sources\common\Umul16.c estimated size: 28

twodimmer_1fd_1sw.c
		_TMR1_Initialize		CODE           	07F5	0000	12
		_periperal_init		CODE           	0B13	0000	31
		_TMR2_Initialize		CODE           	09F6	0000	11
		_TMR3_Initialize		CODE           	09EC	0000	11
		_pin_manager   		CODE           	0B31	0000	37
		_CCP9_Initialize		CODE           	0A00	0000	11
		_main          		CODE           	0C09	0000	1016
		_TMR4_Initialize		CODE           	0A1D	0000	10
		_TMR5_Initialize		CODE           	09E2	0000	11
		_EUSART_Initialize		CODE           	0AC9	0000	23
		_TMR6_Initialize		CODE           	0A14	0000	10
		_ACTION        		CODE           	04D4	0000	659
		_isr           		CODE           	0004	0000	1167
		_CCP1_Initialize		CODE           	09D6	0000	13
		_copy_frame    		CODE           	0B55	0000	55
		_writeUART     		CODE           	0ADF	0000	26
		_CCP3_Initialize		CODE           	0A0A	0000	11

twodimmer_1fd_1sw.c estimated size: 3114

C:\Program Files\Microchip\xc8\v1.45\sources\common\isdigit.c
		_isdigit       		CODE           	09C8	0000	15

C:\Program Files\Microchip\xc8\v1.45\sources\common\isdigit.c estimated size: 15

C:\Program Files\Microchip\xc8\v1.45\sources\common\atoi.c
		_atoi          		CODE           	0766	0000	108

C:\Program Files\Microchip\xc8\v1.45\sources\common\atoi.c estimated size: 108

shared
		__initialization		CODE           	0494	0000	61

shared estimated size: 61

